

================================================================
== Vivado HLS Report for 'conv_mdc'
================================================================
* Date:           Fri Nov  5 09:20:01 2021

* Version:        2019.2.1 (Build 2724168 on Thu Dec 05 05:19:09 MST 2019)
* Project:        proj_conv
* Solution:       solution1
* Product family: virtexuplus
* Target device:  xcvu9p-flga2104-2-i


================================================================
== Performance Estimates
================================================================
+ Timing: 
    * Summary: 
    +--------+---------+----------+------------+
    |  Clock |  Target | Estimated| Uncertainty|
    +--------+---------+----------+------------+
    |ap_clk  | 6.66 ns | 5.728 ns |   0.83 ns  |
    +--------+---------+----------+------------+

+ Latency: 
    * Summary: 
    +---------+---------+-----------+-----------+-----+---------+----------+
    |  Latency (cycles) |   Latency (absolute)  |    Interval   | Pipeline |
    |   min   |   max   |    min    |    max    | min |   max   |   Type   |
    +---------+---------+-----------+-----------+-----+---------+----------+
    |        6|  2070610| 39.960 ns | 13.790 ms |    3|  2070607| dataflow |
    +---------+---------+-----------+-----------+-----+---------+----------+

    + Detail: 
        * Instance: 
        +----------------------+-------------------+---------+---------+-----------+-----------+-----+---------+---------+
        |                      |                   |  Latency (cycles) |   Latency (absolute)  |    Interval   | Pipeline|
        |       Instance       |       Module      |   min   |   max   |    min    |    max    | min |   max   |   Type  |
        +----------------------+-------------------+---------+---------+-----------+-----------+-----+---------+---------+
        |Loop_VConvH_proc_U0   |Loop_VConvH_proc   |        2|  2059814| 13.320 ns | 13.718 ms |    2|  2059814|   none  |
        |Loop_HConvH_proc6_U0  |Loop_HConvH_proc6  |        2|  2070603| 13.320 ns | 13.790 ms |    2|  2070603|   none  |
        |Loop_Border_proc_U0   |Loop_Border_proc   |        2|  2070606| 13.320 ns | 13.790 ms |    2|  2070606|   none  |
        |Block_proc_U0         |Block_proc         |        0|        0|    0 ns   |    0 ns   |    0|        0|   none  |
        |conv_mdc_entry7_U0    |conv_mdc_entry7    |        0|        0|    0 ns   |    0 ns   |    0|        0|   none  |
        +----------------------+-------------------+---------+---------+-----------+-----------+-----+---------+---------+

        * Loop: 
        N/A



================================================================
== Utilization Estimates
================================================================
* Summary: 
+---------------------+---------+-------+---------+---------+-----+
|         Name        | BRAM_18K| DSP48E|    FF   |   LUT   | URAM|
+---------------------+---------+-------+---------+---------+-----+
|DSP                  |        -|      -|        -|        -|    -|
|Expression           |        -|      -|        -|        -|    -|
|FIFO                 |        0|      -|       55|      484|    -|
|Instance             |       44|     48|     1730|     2761|    0|
|Memory               |        -|      -|        -|        -|    -|
|Multiplexer          |        -|      -|        -|        -|    -|
|Register             |        -|      -|        -|        -|    -|
+---------------------+---------+-------+---------+---------+-----+
|Total                |       44|     48|     1785|     3245|    0|
+---------------------+---------+-------+---------+---------+-----+
|Available SLR        |     1440|   2280|   788160|   394080|  320|
+---------------------+---------+-------+---------+---------+-----+
|Utilization SLR (%)  |        3|      2|    ~0   |    ~0   |    0|
+---------------------+---------+-------+---------+---------+-----+
|Available            |     4320|   6840|  2364480|  1182240|  960|
+---------------------+---------+-------+---------+---------+-----+
|Utilization (%)      |        1|   ~0  |    ~0   |    ~0   |    0|
+---------------------+---------+-------+---------+---------+-----+

+ Detail: 
    * Instance: 
    +----------------------+-------------------+---------+-------+-----+-----+-----+
    |       Instance       |       Module      | BRAM_18K| DSP48E|  FF | LUT | URAM|
    +----------------------+-------------------+---------+-------+-----+-----+-----+
    |Block_proc_U0         |Block_proc         |        0|      0|    3|   97|    0|
    |Loop_Border_proc_U0   |Loop_Border_proc   |        4|      4|  636|  838|    0|
    |Loop_HConvH_proc6_U0  |Loop_HConvH_proc6  |        0|     22|  593|  852|    0|
    |Loop_VConvH_proc_U0   |Loop_VConvH_proc   |       40|     22|  495|  918|    0|
    |conv_mdc_entry7_U0    |conv_mdc_entry7    |        0|      0|    3|   56|    0|
    +----------------------+-------------------+---------+-------+-----+-----+-----+
    |Total                 |                   |       44|     48| 1730| 2761|    0|
    +----------------------+-------------------+---------+-------+-----+-----+-----+

    * DSP48E: 
    N/A

    * Memory: 
    N/A

    * FIFO: 
    +-----------------------+---------+---+----+-----+------+-----+---------+
    |          Name         | BRAM_18K| FF| LUT| URAM| Depth| Bits| Size:D*B|
    +-----------------------+---------+---+----+-----+------+-----+---------+
    |hconv_V_U              |        0|  5|   0|    -|     2|   32|       64|
    |height_c164_U          |        0|  5|   0|    -|     2|   32|       64|
    |height_c166_U          |        0|  5|   0|    -|     2|   32|       64|
    |height_c167_U          |        0|  5|   0|    -|     2|   32|       64|
    |height_c_U             |        0|  5|   0|    -|     2|   32|       64|
    |vconv_V_U              |        0|  5|   0|    -|     2|   32|       64|
    |vconv_xlim_loc_c168_U  |        0|  5|   0|    -|     2|   32|       64|
    |vconv_xlim_loc_c_U     |        0|  5|   0|    -|     2|   32|       64|
    |width_c163_U           |        0|  5|   0|    -|     2|   32|       64|
    |width_c165_U           |        0|  5|   0|    -|     3|   32|       96|
    |width_c_U              |        0|  5|   0|    -|     2|   32|       64|
    +-----------------------+---------+---+----+-----+------+-----+---------+
    |Total                  |        0| 55|   0|    0|    23|  352|      736|
    +-----------------------+---------+---+----+-----+------+-----+---------+

    * Expression: 
    N/A

    * Multiplexer: 
    N/A

    * Register: 
    N/A



================================================================
== Interface
================================================================
* Summary: 
+--------------+-----+-----+--------------+--------------+--------------+
|   RTL Ports  | Dir | Bits|   Protocol   | Source Object|    C Type    |
+--------------+-----+-----+--------------+--------------+--------------+
|width         |  in |   32|    ap_none   |     width    |    scalar    |
|height        |  in |   32|    ap_none   |    height    |    scalar    |
|src_V_TDATA   |  in |   32|     axis     |     src_V    |    pointer   |
|src_V_TVALID  |  in |    1|     axis     |     src_V    |    pointer   |
|src_V_TREADY  | out |    1|     axis     |     src_V    |    pointer   |
|dst_V_TDATA   | out |   32|     axis     |     dst_V    |    pointer   |
|dst_V_TVALID  | out |    1|     axis     |     dst_V    |    pointer   |
|dst_V_TREADY  |  in |    1|     axis     |     dst_V    |    pointer   |
|ap_clk        |  in |    1| ap_ctrl_none |   conv_mdc   | return value |
|ap_rst_n      |  in |    1| ap_ctrl_none |   conv_mdc   | return value |
+--------------+-----+-----+--------------+--------------+--------------+

